// Jest Snapshot v1, https://goo.gl/fbAQLP

exports[`Manager Should create Manager launch configuration 1`] = `
Object {
  "Parameters": Object {
    "BootstrapVersion": Object {
      "Default": "/cdk-bootstrap/hnb659fds/version",
      "Description": "Version of the CDK Bootstrap resources in this environment, automatically retrieved from SSM Parameter Store. [cdk:skip]",
      "Type": "AWS::SSM::Parameter::Value<String>",
    },
  },
  "Resources": Object {
    "CacheBucket41D9D0B0": Object {
      "DeletionPolicy": "Retain",
      "Type": "AWS::S3::Bucket",
      "UpdateReplacePolicy": "Retain",
    },
    "ManagerRole08FB5B64": Object {
      "Properties": Object {
        "AssumeRolePolicyDocument": Object {
          "Statement": Array [
            Object {
              "Action": "sts:AssumeRole",
              "Effect": "Allow",
              "Principal": Object {
                "Service": "ec2.amazonaws.com",
              },
            },
          ],
          "Version": "2012-10-17",
        },
        "ManagedPolicyArns": Array [
          Object {
            "Fn::Join": Array [
              "",
              Array [
                "arn:",
                Object {
                  "Ref": "AWS::Partition",
                },
                ":iam::aws:policy/AmazonEC2RoleforSSM",
              ],
            ],
          },
        ],
        "Policies": Array [
          Object {
            "PolicyDocument": Object {
              "Statement": Array [
                Object {
                  "Action": Array [
                    "s3:ListObjects*",
                    "s3:GetObject*",
                    "s3:DeleteObject*",
                    "s3:PutObject*",
                  ],
                  "Effect": "Allow",
                  "Resource": Object {
                    "Fn::Join": Array [
                      "",
                      Array [
                        Object {
                          "Fn::GetAtt": Array [
                            "CacheBucket41D9D0B0",
                            "Arn",
                          ],
                        },
                        "/*",
                      ],
                    ],
                  },
                },
                Object {
                  "Action": "s3:ListBucket",
                  "Effect": "Allow",
                  "Resource": Object {
                    "Fn::GetAtt": Array [
                      "CacheBucket41D9D0B0",
                      "Arn",
                    ],
                  },
                },
              ],
              "Version": "2012-10-17",
            },
            "PolicyName": "Cache",
          },
          Object {
            "PolicyDocument": Object {
              "Statement": Array [
                Object {
                  "Action": Array [
                    "ec2:CreateKeyPair",
                    "ec2:DeleteKeyPair",
                    "ec2:ImportKeyPair",
                    "ec2:Describe*",
                  ],
                  "Effect": "Allow",
                  "Resource": "*",
                },
                Object {
                  "Action": Array [
                    "ec2:CreateTags",
                    "ssm:UpdateInstanceInformation",
                  ],
                  "Condition": Object {
                    "ForAllValues:StringEquals": Object {
                      "aws:TagKeys": Array [
                        "Name",
                      ],
                    },
                    "StringLike": Object {
                      "aws:RequestTag/Name": "*gitlab-runner-*",
                    },
                  },
                  "Effect": "Allow",
                  "Resource": "*",
                },
                Object {
                  "Action": Array [
                    "ec2:RequestSpotInstances",
                    "ec2:CancelSpotInstanceRequests",
                  ],
                  "Condition": Object {
                    "ArnEqualsIfExists": Object {
                      "ec2:Vpc": Object {
                        "Fn::Join": Array [
                          "",
                          Array [
                            "arn:",
                            Object {
                              "Ref": "AWS::Partition",
                            },
                            ":ec2:us-east-1:123456789012:vpc/",
                            Object {
                              "Ref": "Vpc8378EB38",
                            },
                          ],
                        ],
                      },
                    },
                    "StringEqualsIfExists": Object {
                      "ec2:Region": "us-east-1",
                    },
                  },
                  "Effect": "Allow",
                  "Resource": "*",
                },
                Object {
                  "Action": "ec2:RunInstances",
                  "Condition": Object {
                    "StringEquals": Object {
                      "ForAllValues:StringEquals": Object {
                        "aws:TagKeys": Array [
                          "InstanceProfile",
                        ],
                      },
                      "ec2:InstanceType": Array [
                        "t3.micro",
                      ],
                    },
                  },
                  "Effect": "Allow",
                  "Resource": "*",
                },
                Object {
                  "Action": Array [
                    "ec2:TerminateInstances",
                    "ec2:StopInstances",
                    "ec2:StartInstances",
                    "ec2:RebootInstances",
                  ],
                  "Condition": Object {
                    "StringLike": Object {
                      "ec2:ResourceTag/Name": "*gitlab-runner-*",
                    },
                  },
                  "Effect": "Allow",
                  "Resource": "*",
                },
                Object {
                  "Action": "iam:PassRole",
                  "Condition": Object {
                    "ForAllValues:StringEquals": Object {
                      "aws:TagKeys": Array [
                        "RunnersRole",
                      ],
                    },
                  },
                  "Effect": "Allow",
                  "Resource": "*",
                },
              ],
              "Version": "2012-10-17",
            },
            "PolicyName": "Runners",
          },
        ],
      },
      "Type": "AWS::IAM::Role",
    },
    "RunnersInstanceProfilegitlabrunner": Object {
      "Properties": Object {
        "Roles": Array [
          Object {
            "Ref": "RunnersRoleForGitlabRunner159D6A36",
          },
        ],
      },
      "Type": "AWS::IAM::InstanceProfile",
    },
    "RunnersRoleForGitlabRunner159D6A36": Object {
      "Properties": Object {
        "AssumeRolePolicyDocument": Object {
          "Statement": Array [
            Object {
              "Action": "sts:AssumeRole",
              "Effect": "Allow",
              "Principal": Object {
                "Service": "ec2.amazonaws.com",
              },
            },
          ],
          "Version": "2012-10-17",
        },
        "ManagedPolicyArns": Array [
          Object {
            "Fn::Join": Array [
              "",
              Array [
                "arn:",
                Object {
                  "Ref": "AWS::Partition",
                },
                ":iam::aws:policy/AmazonEC2RoleforSSM",
              ],
            ],
          },
        ],
        "Tags": Array [
          Object {
            "Key": "RunnersRole",
            "Value": "RunnersRole",
          },
        ],
      },
      "Type": "AWS::IAM::Role",
    },
    "Vpc8378EB38": Object {
      "Properties": Object {
        "CidrBlock": "10.0.0.0/16",
        "EnableDnsHostnames": true,
        "EnableDnsSupport": true,
        "InstanceTenancy": "default",
        "Tags": Array [
          Object {
            "Key": "Name",
            "Value": "Stack/Vpc",
          },
        ],
      },
      "Type": "AWS::EC2::VPC",
    },
    "VpcIGWD7BA715C": Object {
      "Properties": Object {
        "Tags": Array [
          Object {
            "Key": "Name",
            "Value": "Stack/Vpc",
          },
        ],
      },
      "Type": "AWS::EC2::InternetGateway",
    },
    "VpcPrivateSubnet1DefaultRouteBE02A9ED": Object {
      "Properties": Object {
        "DestinationCidrBlock": "0.0.0.0/0",
        "NatGatewayId": Object {
          "Ref": "VpcPublicSubnet1NATGateway4D7517AA",
        },
        "RouteTableId": Object {
          "Ref": "VpcPrivateSubnet1RouteTableB2C5B500",
        },
      },
      "Type": "AWS::EC2::Route",
    },
    "VpcPrivateSubnet1RouteTableAssociation70C59FA6": Object {
      "Properties": Object {
        "RouteTableId": Object {
          "Ref": "VpcPrivateSubnet1RouteTableB2C5B500",
        },
        "SubnetId": Object {
          "Ref": "VpcPrivateSubnet1Subnet536B997A",
        },
      },
      "Type": "AWS::EC2::SubnetRouteTableAssociation",
    },
    "VpcPrivateSubnet1RouteTableB2C5B500": Object {
      "Properties": Object {
        "Tags": Array [
          Object {
            "Key": "Name",
            "Value": "Stack/Vpc/PrivateSubnet1",
          },
        ],
        "VpcId": Object {
          "Ref": "Vpc8378EB38",
        },
      },
      "Type": "AWS::EC2::RouteTable",
    },
    "VpcPrivateSubnet1Subnet536B997A": Object {
      "Properties": Object {
        "AvailabilityZone": "dummy1a",
        "CidrBlock": "10.0.128.0/17",
        "MapPublicIpOnLaunch": false,
        "Tags": Array [
          Object {
            "Key": "aws-cdk:subnet-name",
            "Value": "Private",
          },
          Object {
            "Key": "aws-cdk:subnet-type",
            "Value": "Private",
          },
          Object {
            "Key": "Name",
            "Value": "Stack/Vpc/PrivateSubnet1",
          },
        ],
        "VpcId": Object {
          "Ref": "Vpc8378EB38",
        },
      },
      "Type": "AWS::EC2::Subnet",
    },
    "VpcPublicSubnet1DefaultRoute3DA9E72A": Object {
      "DependsOn": Array [
        "VpcVPCGWBF912B6E",
      ],
      "Properties": Object {
        "DestinationCidrBlock": "0.0.0.0/0",
        "GatewayId": Object {
          "Ref": "VpcIGWD7BA715C",
        },
        "RouteTableId": Object {
          "Ref": "VpcPublicSubnet1RouteTable6C95E38E",
        },
      },
      "Type": "AWS::EC2::Route",
    },
    "VpcPublicSubnet1EIPD7E02669": Object {
      "Properties": Object {
        "Domain": "vpc",
        "Tags": Array [
          Object {
            "Key": "Name",
            "Value": "Stack/Vpc/PublicSubnet1",
          },
        ],
      },
      "Type": "AWS::EC2::EIP",
    },
    "VpcPublicSubnet1NATGateway4D7517AA": Object {
      "Properties": Object {
        "AllocationId": Object {
          "Fn::GetAtt": Array [
            "VpcPublicSubnet1EIPD7E02669",
            "AllocationId",
          ],
        },
        "SubnetId": Object {
          "Ref": "VpcPublicSubnet1Subnet5C2D37C4",
        },
        "Tags": Array [
          Object {
            "Key": "Name",
            "Value": "Stack/Vpc/PublicSubnet1",
          },
        ],
      },
      "Type": "AWS::EC2::NatGateway",
    },
    "VpcPublicSubnet1RouteTable6C95E38E": Object {
      "Properties": Object {
        "Tags": Array [
          Object {
            "Key": "Name",
            "Value": "Stack/Vpc/PublicSubnet1",
          },
        ],
        "VpcId": Object {
          "Ref": "Vpc8378EB38",
        },
      },
      "Type": "AWS::EC2::RouteTable",
    },
    "VpcPublicSubnet1RouteTableAssociation97140677": Object {
      "Properties": Object {
        "RouteTableId": Object {
          "Ref": "VpcPublicSubnet1RouteTable6C95E38E",
        },
        "SubnetId": Object {
          "Ref": "VpcPublicSubnet1Subnet5C2D37C4",
        },
      },
      "Type": "AWS::EC2::SubnetRouteTableAssociation",
    },
    "VpcPublicSubnet1Subnet5C2D37C4": Object {
      "Properties": Object {
        "AvailabilityZone": "dummy1a",
        "CidrBlock": "10.0.0.0/17",
        "MapPublicIpOnLaunch": true,
        "Tags": Array [
          Object {
            "Key": "aws-cdk:subnet-name",
            "Value": "Public",
          },
          Object {
            "Key": "aws-cdk:subnet-type",
            "Value": "Public",
          },
          Object {
            "Key": "Name",
            "Value": "Stack/Vpc/PublicSubnet1",
          },
        ],
        "VpcId": Object {
          "Ref": "Vpc8378EB38",
        },
      },
      "Type": "AWS::EC2::Subnet",
    },
    "VpcVPCGWBF912B6E": Object {
      "Properties": Object {
        "InternetGatewayId": Object {
          "Ref": "VpcIGWD7BA715C",
        },
        "VpcId": Object {
          "Ref": "Vpc8378EB38",
        },
      },
      "Type": "AWS::EC2::VPCGatewayAttachment",
    },
  },
  "Rules": Object {
    "CheckBootstrapVersion": Object {
      "Assertions": Array [
        Object {
          "Assert": Object {
            "Fn::Not": Array [
              Object {
                "Fn::Contains": Array [
                  Array [
                    "1",
                    "2",
                    "3",
                    "4",
                    "5",
                  ],
                  Object {
                    "Ref": "BootstrapVersion",
                  },
                ],
              },
            ],
          },
          "AssertDescription": "CDK bootstrap stack version 6 required. Please run 'cdk bootstrap' with a recent version of the CDK CLI.",
        },
      ],
    },
  },
}
`;
